                        ; --------------------------------------
                        ; zasm: assemble "sample5_cgc.asm"
                        ; date: 2023-07-09 11:25:48
                        ; --------------------------------------


                        ;******************************
                        ;Ｚ８４Ｃ０１５専用セットアップ
                        ;******************************
                        ;AKI80スタートアップアセンブラ
                        
0000:                   DBUG	EQU	0000H		;Z VISION REMOTEを使用するときは8000H
                        				;ROMに焼くときは0000H
                        
                        ;	パラレルポートI/Oアドレスセット
001C:                   PIOA	EQU	1CH		;Ａポートデータ
001E:                   PIOB	EQU	1EH		;Ｂポートデータ
                        
                        ;	ＳＩＯポートI/Oアドレスセット
0018:                   SIOA	EQU	18H		;chA送信/受信バッファ
001A:                   SIOB	EQU	1AH		;chB送信/受信バッファ
                        
                        ;	カウンタタイマI/Oアドレスセット
0010:                   CTC0	EQU	10H		;CTC0のアドレス
0011:                   CTC1	EQU	11H		;CTC1のアドレス
0012:                   CTC2	EQU	12H		;CTC2のアドレス
0013:                   CTC3	EQU	13H		;CTC3のアドレス
                        
                        ;	Ｚ８４Ｃ０１５専用I/Oアドレスセット
00F0:                   WDM	EQU	0F0H	;WDTER,WDTPR,HALTMR
00F1:                   WDC	EQU	0F1H	;クリアー(4EH) ディセーブル(B1H)
00F4:                   DGC	EQU	0F4H	;デイジーチェーン設定(bit0-bit2)
004E:                   WDCL	EQU	4EH	;ウォッチドッグクリアコマンドデータ
00DB:                   HMCR	EQU	0DBH	;ホルトモードコントロールコマンドデータ
                        
                        
                        ;********************************
                        ;	Ｉ／Ｏセットデータ
                        ;********************************
                        ;適宜変更のこと
                        
0000:                   	ORG	DBUG
0000: C30001   [10]     	JP	START
0003:                   PIOACD:
0003: CF                	DB	0CFH	;PIOAモードワード			**001111 (モード3)
0004: FF                	DB	0FFH	;PIOAデータディレクションワード		(全ビット入力)
0005: 97                	DB	97H	;PIOAインタラプトコントロールワード	****0111 (割込み有効)
0006: FE                	DB	0FEH	;PIOAインタラプトマスクワード
0007: E4                	DB	0E4H	;PIOAインタラプトベクタ
0008:                   PAEND	EQU	$
0008:                   PIOBCD:
0008: CF                	DB	0CFH	;PIOBモードワード			**001111 (モード3)
0009: 00                	DB	00H	;PIOBデータディレクションワード		(全ビット出力)
000A: 07                	DB	07H	;PIOBインタラプトコントロールワード	****0111 (割込み無効)
                        ;	DB	00H	;PIOBインタラプトマスクワード		(未使用)
                        ;	DB	0E6H	;PIOBインタラプトベクタ			(未使用)
000B:                   PBEND	EQU	$
                        
000B:                   SIOACD:
000B: 18                	DB	18H	;SIOA WR0 チャンネルリセット
000C: 04                	DB	04H	;SIOA WR0 ポインタ４
000D: 44                	DB	44H	;SIOA WR4 ｸﾛｯｸ ｼﾝｸﾓｰﾄﾞ ｽﾄｯﾌﾟ ﾋﾞｯﾄ ﾊﾟﾘﾃｨ ｲﾈｰﾌﾞﾙ
000E: 01                	DB	01H	;SIOA WR0 ポインタ１
000F: 10                	DB	10H	;SIOA WR1 割り込み制御ウェイト／レディ		(受信ｷｬﾗｸﾀ割り込み可)
0010: 03                	DB	03H	;SIOA WR0 ポインタ３
0011: C1                	DB	0C1H	;SIOA WR3 受信バッファ制御情報
0012: 05                	DB	05H	;SIOA WR0 ポインタ５
0013: 68                	DB	68H	;SIOA WR5 送信バッファ制御情報
0014:                   SAEND	EQU	$
0014:                   SIOBCD:
0014: 18                	DB	18H	;SIOB WR0 チャンネルリセット
0015: 04                	DB	04H	;SIOB WR0 ポインタ４
0016: 44                	DB	44H	;SIOB WR4 ｸﾛｯｸ ｼﾝｸﾓｰﾄﾞ ｽﾄｯﾌﾟ ﾋﾞｯﾄ ﾊﾟﾘﾃｨ ｲﾈｰﾌﾞﾙ
0017: 01                	DB	01H	;SIOB WR0 ポインタ１
0018: 04                	DB	04H	;SIOB WR1 割り込み制御ウェイト／レディ		(ｽﾃｰﾀｽ ｱﾌｪｸﾂ ﾍﾞｸﾄﾙ)
0019: 02                	DB	02H	;SIOB WR0 ポインタ２
001A: F0                	DB	0F0H	;SIOB WR2 インタラプトベクタ			(割り込みﾍﾞｸﾄﾙ)
001B: 03                	DB	03H	;SIOB WR0 ポインタ３
001C: C1                	DB	0C1H	;SIOB WR3 受信バッファ制御情報
001D: 05                	DB	05H	;SIOB WR0 ポインタ５
001E: 68                	DB	68H	;SIOB WR5 送信バッファ制御情報
001F:                   SBEND	EQU	$
                        
001F:                   CTC0CD:
001F: 25                	DB	25H	;CTC0 チャンネルコントロールワード	*******1 (タイマモード)
0020: F0                	DB	240	;CTC0 タイムコンスタントレジスタ	(200Hz: 5ms周期)
0021: E8                	DB	0E8H	;CTC0 インタラプトベクタ		*****000 (全チャネル用)
0022:                   C0END	EQU	$
0022:                   CTC1CD:
0022: C5                	DB	0C5H	;CTC1 チャンネルコントロールワード	*******1 (カウンタモード)
0023: C8                	DB	200	;CTC1 タイムコンスタントレジスタ	(1Hz: 1s周期)
0024:                   C1END	EQU	$
0024:                   CTC2CD:
0024: 05                	DB	05H	;CTC2 チャンネルコントロールワード	*******1
0025: 00                	DB	00H	;CTC2 タイムコンスタントレジスタ
0026:                   C2END	EQU	$
0026:                   CTC3CD:
0026: 05                	DB	05H	;CTC3 チャンネルコントロールワード	*******1 (タイマモード)
0027: 05                	DB	5	;CTC3 タイムコンスタントレジスタ	(153.6kHz)
0028:                   C3END	EQU	$
                        
0028:                   WDMCD:
                        ;	DB	0F3H	;ウォッチドッグ，ホルトモード設定	*****011 (STOPモード)
                        ;	DB	0E3H	;ウォッチドッグ，ホルトモード設定	*****011 (IDLE1モード)
                        ;	DB	0EBH	;ウォッチドッグ，ホルトモード設定	*****011 (IDLE2モード)
0028: FB                	DB	0FBH	;ウォッチドッグ，ホルトモード設定	*****011 (RUNモード)
0029:                   DGCCD:
0029: 00                	DB	00H	;デイジーチェーン順位設定		00000*** (CTC > SIO > PIO)
                        
                        
                        ;*****************************
                        ;	ＩＮＴ処理(IM1)
                        ;*****************************
                        
002A: FFFFFFFF          	ORG	DBUG + 0038H
002E: FF...             
0038: FB       [ 4]     	EI
0039: ED4D     [18]     	RETI
                        
                        
                        ;***********************
                        ;	ＮＭＩ処理
                        ;***********************
                        
003B: FFFFFFFF          	ORG	DBUG + 0066H
003F: FF...             
0066: F5       [29]     	PUSH	AF
0067: 3E55     [36]     	LD	A, 55H
0069: D31E     [47]     	OUT	(PIOB), A		;ポートBに出力
006B: 3E32     [54]     	LD	A, '2'
006D: CD6C01   [71]     	CALL	SEND			;送信要求 (Aレジスタ)
0070: F1       [81]     	POP	AF
                        ;	HALT
0071: ED45     [95]     	RETN			;ＮＭＩ禁止
                        
                        
                        ;*******************************
                        ;	Ｉ／Ｏセットアップ
                        ;*******************************
                        
0073:                   IOSET:
0073: 210300   [10]     	LD	HL, PIOACD		;PIOAコマンドセットアップ
0076: 0605     [17]     	LD	B, PAEND - PIOACD
0078: 0E1D     [24]     	LD	C, PIOA + 1		;PIOAコマンドアドレス(1DH)
007A: EDB3     [40|21]  	OTIR
007C: 210800   [50]     	LD	HL, PIOBCD		;PIOBコマンドセットアップ
007F: 0603     [57]     	LD	B, PBEND - PIOBCD
0081: 0E1F     [64]     	LD	C, PIOB + 1		;PIOBコマンドアドレス(1FH)
0083: EDB3     [80|21]  	OTIR
0085: 211F00   [90]     	LD	HL, CTC0CD		;CTC0コマンドセットアップ
0088: 0603     [97]     	LD	B, C0END - CTC0CD
008A: 0E10     [104]    	LD	C, CTC0
008C: EDB3     [120|21] 	OTIR
008E: 212200   [130]    	LD	HL, CTC1CD		;CTC1コマンドセットアップ
0091: 0602     [137]    	LD	B, C1END - CTC1CD
0093: 0E11     [144]    	LD	C, CTC1
0095: EDB3     [160|21] 	OTIR
0097: 212400   [170]    	LD	HL, CTC2CD		;CTC2コマンドセットアップ
009A: 0602     [177]    	LD	B, C2END - CTC2CD
009C: 0E12     [184]    	LD	C, CTC2
009E: EDB3     [200|21] 	OTIR
00A0: 212600   [210]    	LD	HL, CTC3CD		;CTC3コマンドセットアップ
00A3: 0602     [217]    	LD	B, C3END - CTC3CD
00A5: 0E13     [224]    	LD	C, CTC3
00A7: EDB3     [240|21] 	OTIR
00A9: 210B00   [250]    	LD	HL, SIOACD		;SIOAコマンドセットアップ
00AC: 0609     [257]    	LD	B, SAEND - SIOACD
00AE: 0E19     [264]    	LD	C, SIOA + 1		;SIOAコマンドアドレス(19H)
00B0: EDB3     [280|21] 	OTIR
00B2: 211400   [290]    	LD	HL, SIOBCD		;SIOBコマンドセットアップ
00B5: 060B     [297]    	LD	B, SBEND - SIOBCD
00B7: 0E1B     [304]    	LD	C, SIOB + 1		;SIOBコマンドアドレス(1BH)
00B9: EDB3     [320|21] 	OTIR
00BB: 3EDB     [327]    	LD	A, HMCR			;ホルトモードコントロール
00BD: D3F1     [338]    	OUT	(WDC), A
00BF: 3A2800   [351]    	LD	A, (WDMCD)		;ウォッチドッグ，ホルトモードセット
00C2: D3F0     [362]    	OUT	(WDM), A
00C4: 3A2900   [375]    	LD	A, (DGCCD)		;割り込み優先順位セット
00C7: D3F4     [386]    	OUT	(DGC), A
00C9: 3E4E     [ 7]     WDOG:	LD	A, WDCL			;ウォッチドッグクリア
00CB: D3F1     [18]     	OUT	(WDC), A
00CD: C9       [28]     	RET
                        
                        
                        ;**************************************
                        ;	割り込みアドレス，DWL設定
                        ;	アドレス値をそのまま記入
                        ;**************************************
                        
00CE: FFFFFFFF          	ORG	DBUG + 00E4H
00D2: FF...             
00E4: 5A01              	DW	INTPA			;PIOA割り込み
00E6: 0000              	DW	0000H			;PIOB割り込み
00E8: 0000              	DW	0000H			;CTC0割り込み
00EA: 2401              	DW	INTCT1			;CTC1割り込み
00EC: 0000              	DW	0000H			;CTC2割り込み
00EE: 0000              	DW	0000H			;CTC3割り込み
00F0: 0000              	DW	0000H			;SIOBトランスミッタバッファエンプティ
00F2: 0000              	DW	0000H			;SIOB外部／ステータス割り込み
00F4: 0000              	DW	0000H			;SIOBレシーバキャラクタアベイラブル
00F6: 0000              	DW	0000H			;SIOB特殊受信状態
00F8: 3301              	DW	INTSA0			;SIOAトランスミッタバッファエンプティ
00FA: 0000              	DW	0000H			;SIOA外部／ステータス割り込み
00FC: 4301              	DW	INTSA2			;SIOAレシーバキャラクタアベイラブル
00FE: 5001              	DW	INTSA3			;SIOA特殊受信状態
                        
                        
                        ;************************************************************************
                        ;	メインルーチンスタート
                        ;************************************************************************
                        
                        	ORG	DBUG + 0100H
                        
0100: F3       [ 4]     START:	DI				;セットアップ中、割り込み不可
0101: ED5E     [12]     	IM	2			;割り込みモード２
0103: 3E00     [19]     	LD	A, DBUG / 100H		;割り込み上位ベクタロード
0105: ED47     [28]     	LD	I, A
0107: 310000   [38]     	LD	SP, 0000H		;スタックポインタ FFFFHから
                        
                        ;	LD	HL, 8000H		;外部I/O使用時のRESET待ち
                        ;WAIT:	DEC	HL
                        ;	LD	A, H
                        ;	OR	L
                        ;	JR	NZ, WAIT
                        
010A: CD7300   [55]     	CALL	IOSET
010D: FB       [59]     	EI
                        
                        	;ここからプログラムを書く
010E: AF       [63]     	XOR	A			;A=0
010F: 320180   [76]     	LD	(FLAG), A		;FLAGを初期化
0112: DB1C     [87]     	IN	A, (PIOA)		;ポートAを入力
0114: 320080   [100]    	LD	(VALUE), A		;VALUEを初期化
0117: 3E30     [107]    	LD	A, '0'
0119: CD6C01   [124]    	CALL	SEND			;送信要求 (Aレジスタ)
011C:                   LOOP:
011C: CD8D01   [17]     	CALL	SLEEP			;省電力モード移行判定
011F: CDC900   [34]     	CALL	WDOG			;ウォッチドッグクリア
0122: 18F8     [46]     	JR	LOOP
                        
                        ;CTC0割り込み (5ms周期)
                        ;INTCT0:
                        ;	PUSH	AF
                        ;	LD	A, (VALUE)
                        ;	OUT	(PIOB), A		;ポートBに出力
                        ;	POP	AF
                        ;	EI
                        ;	RETI
                        
                        ;CTC1割り込み (1s周期)
0124:                   INTCT1:
0124: F5       [11]     	PUSH	AF
0125: 3A0080   [24]     	LD	A, (VALUE)
0128: 3C       [28]     	INC	A			;VALUEを更新
0129: 320080   [41]     	LD	(VALUE), A
012C: F1       [51]     	POP	AF
012D: CD6401   [68]     	CALL	POUT			;ポート出力
0130: FB       [72]     	EI
0131: ED4D     [86]     	RETI
                        
                        ;SIOAトランスミッタバッファエンプティ
0133:                   INTSA0:
0133: F5       [11]     	PUSH	AF
0134: CD8201   [28]     	CALL	DISATX			;送信割り込み禁止
0137: 3A0080   [41]     	LD	A, (VALUE)
013A: C610     [48]     	ADD	A, 10H			;VALUEを更新
013C: 320080   [61]     	LD	(VALUE), A
013F: F1       [71]     	POP	AF
0140: FB       [75]     	EI
0141: ED4D     [89]     	RETI
                        
                        ;SIOAレシーバキャラクタアベイラブル
0143:                   INTSA2:
0143: F5       [11]     	PUSH	AF
0144: CD7701   [28]     	CALL	EISATX			;送信割り込み許可
0147: DB18     [39]     	IN	A, (SIOA)		;受信
0149: CD6C01   [56]     	CALL	SEND			;送信要求 (Aレジスタ)
014C: F1       [66]     	POP	AF
014D: FB       [70]     	EI
014E: ED4D     [84]     	RETI
                        
                        ;SIOA特殊受信状態
0150:                   INTSA3:
0150: F5       [11]     	PUSH	AF
0151: 3EAA     [18]     	LD	A, 0AAH
0153: D31E     [29]     	OUT	(PIOB), A		;ポートBに出力
0155: F1       [39]     	POP	AF
0156: FB       [43]     	EI
0157: 76       [47]     	HALT				;HALT (割り込み許可)
                        					;【注意】割込み処理中のHALTは復帰できない。
                        					;　※タイマ割込み、NMIは機能せず
0158: ED4D     [61]     	RETI
                        
                        ;PIOA割り込み
015A:                   INTPA:
015A: F5       [11]     	PUSH	AF
                        ;	IN	A, (PIOA)		;ポートAを入力
                        ;	LD	(VALUE), A		;VALUEを再設定
015B: 3ECC     [18]     	LD	A, 0CCH			;
015D: 320180   [31]     	LD	(FLAG), A		;FLAG=0xCC
0160: F1       [41]     	POP	AF
0161: FB       [45]     	EI
0162: ED4D     [59]     	RETI
                        
                        ;ポート出力
0164:                   POUT:
0164: F5       [11]     	PUSH	AF
0165: 3A0080   [24]     	LD	A, (VALUE)
0168: D31E     [35]     	OUT	(PIOB), A		;ポートBに出力
016A: F1       [45]     	POP	AF
016B: C9       [55]     	RET
                        
                        ;送信要求 (Aレジスタ)
016C:                   SEND:
016C: F5       [11]     	PUSH	AF
016D:                   SEND1:
016D: DB19     [11]     	IN	A, (SIOA + 1)		;RR0を読み込む
016F: CB57     [19]     	BIT	2, A			;送信バッファ・エンプティを確認
0171: 28FA     [26|31]  	JR	Z, SEND1
0173: F1       [36]     	POP	AF
0174: D318     [47]     	OUT	(SIOA), A		;送信
0176: C9       [57]     	RET
                        
                        ;送信割り込み許可
0177:                   EISATX:
0177: F5       [11]     	PUSH	AF
0178: 3E01     [18]     	LD	A, 01H			;SIOA WR0 (レジスタ1)
017A: D319     [29]     	OUT	(SIOA + 1), A
017C: 3E12     [36]     	LD	A, 12H			;SIOA WR1 (送信割り込み可)
017E: D319     [47]     	OUT	(SIOA + 1), A
0180: F1       [57]     	POP	AF
0181: C9       [67]     	RET
                        
                        ;送信割り込み禁止
0182:                   DISATX:
0182: F5       [11]     	PUSH	AF
0183: 3E01     [18]     	LD	A, 01H			;SIOA WR0 (レジスタ1)
0185: D319     [29]     	OUT	(SIOA + 1), A
0187: 3E10     [36]     	LD	A, 10H			;SIOA WR1 (送信割り込み不可)
0189: D319     [47]     	OUT	(SIOA + 1), A
018B: F1       [57]     	POP	AF
018C: C9       [67]     	RET
                        
                        ;省電力モード移行判定
018D:                   SLEEP:
018D: F5       [11]     	PUSH	AF
018E: 3A0180   [24]     	LD	A, (FLAG)
0191: FECC     [31]     	CP	A, 0CCH			;FLAG==0xCC
0193: 200E     [38|43]  	JR	NZ, SLEEP1
0195: AF       [42]     	XOR	A			;A=0
0196: 320180   [55]     	LD	(FLAG), A		;FLAGを初期化
0199: 3EDB     [62]     	LD	A, 0DBH
019B: D31E     [73]     	OUT	(PIOB), A		;ポートBに出力
019D: 76       [77]     	HALT
019E: 3E31     [84]     	LD	A, '1'
01A0: CD6C01   [101]    	CALL	SEND			;送信要求 (Aレジスタ)
01A3:                   SLEEP1:
01A3: F1       [10]     	POP	AF
01A4: C9       [20]     	RET
                        
                        
                        ;**************************************
                        ;	ＲＡＭ配置
                        ;**************************************
                        
01A5: FFFFFFFF          	ORG	8000H
01A9: FF...             
                        
8000: 00                VALUE:	DEFB	00H
8001: 00                FLAG:	DEFB	00H
                        
                        	END


; +++ segments +++

#CODE          = $0000 =     0,  size = $8002 = 32770

; +++ global symbols +++

C0END   = $0022 =    34          sample5_cgc.asm:82
C1END   = $0024 =    36          sample5_cgc.asm:86
C2END   = $0026 =    38          sample5_cgc.asm:90
C3END   = $0028 =    40          sample5_cgc.asm:94
CTC0    = $0010 =    16          sample5_cgc.asm:18
CTC0CD  = $001F =    31          sample5_cgc.asm:78
CTC1    = $0011 =    17          sample5_cgc.asm:19
CTC1CD  = $0022 =    34          sample5_cgc.asm:83
CTC2    = $0012 =    18          sample5_cgc.asm:20
CTC2CD  = $0024 =    36          sample5_cgc.asm:87
CTC3    = $0013 =    19          sample5_cgc.asm:21
CTC3CD  = $0026 =    38          sample5_cgc.asm:91
DBUG    = $0000 =     0          sample5_cgc.asm:6
DGC     = $00F4 =   244          sample5_cgc.asm:26
DGCCD   = $0029 =    41          sample5_cgc.asm:101
DISATX  = $0182 =   386          sample5_cgc.asm:326
EISATX  = $0177 =   375          sample5_cgc.asm:316
FLAG    = $8001 = 32769          sample5_cgc.asm:360
HMCR    = $00DB =   219          sample5_cgc.asm:28
INTCT1  = $0124 =   292          sample5_cgc.asm:242
INTPA   = $015A =   346          sample5_cgc.asm:286
INTSA0  = $0133 =   307          sample5_cgc.asm:253
INTSA2  = $0143 =   323          sample5_cgc.asm:264
INTSA3  = $0150 =   336          sample5_cgc.asm:274
IOSET   = $0073 =   115          sample5_cgc.asm:133
LOOP    = $011C =   284          sample5_cgc.asm:227
PAEND   = $0008 =     8          sample5_cgc.asm:44
PBEND   = $000B =    11          sample5_cgc.asm:51
PIOA    = $001C =    28          sample5_cgc.asm:10
PIOACD  = $0003 =     3          sample5_cgc.asm:38
PIOB    = $001E =    30          sample5_cgc.asm:11
PIOBCD  = $0008 =     8          sample5_cgc.asm:45
POUT    = $0164 =   356          sample5_cgc.asm:297
SAEND   = $0014 =    20          sample5_cgc.asm:63
SBEND   = $001F =    31          sample5_cgc.asm:76
SEND    = $016C =   364          sample5_cgc.asm:305
SEND1   = $016D =   365          sample5_cgc.asm:307
SIOA    = $0018 =    24          sample5_cgc.asm:14
SIOACD  = $000B =    11          sample5_cgc.asm:53
SIOB    = $001A =    26          sample5_cgc.asm:15
SIOBCD  = $0014 =    20          sample5_cgc.asm:64
SLEEP   = $018D =   397          sample5_cgc.asm:336
SLEEP1  = $01A3 =   419          sample5_cgc.asm:348
START   = $0100 =   256          sample5_cgc.asm:205
VALUE   = $8000 = 32768          sample5_cgc.asm:359
WDC     = $00F1 =   241          sample5_cgc.asm:25
WDCL    = $004E =    78          sample5_cgc.asm:27
WDM     = $00F0 =   240          sample5_cgc.asm:24
WDMCD   = $0028 =    40          sample5_cgc.asm:96
WDOG    = $00C9 =   201          sample5_cgc.asm:172
_end    = $8002 = 32770          sample5_cgc.asm:36 (unused)
_size   = $8002 = 32770          sample5_cgc.asm:36 (unused)


total time: 0.1215 sec.
no errors
