                        ; --------------------------------------
                        ; zasm: assemble "sample2_ctc.asm"
                        ; date: 2023-07-02 04:25:42
                        ; --------------------------------------


                        ;******************************
                        ;Ｚ８４Ｃ０１５専用セットアップ
                        ;******************************
                        ;AKI80スタートアップアセンブラ
                        
0000:                   DBUG	EQU	0000H		;Z VISION REMOTEを使用するときは8000H
                        				;ROMに焼くときは0000H
                        
                        ;	パラレルポートI/Oアドレスセット
001C:                   PIOA	EQU	1CH		;Ａポートデータ
001E:                   PIOB	EQU	1EH		;Ｂポートデータ
                        
                        ;	ＳＩＯポートI/Oアドレスセット
0018:                   SIOA	EQU	18H		;chA送信/受信バッファ
001A:                   SIOB	EQU	1AH		;chB送信/受信バッファ
                        
                        ;	カウンタタイマI/Oアドレスセット
0010:                   CTC0	EQU	10H		;CTC0のアドレス
0011:                   CTC1	EQU	11H		;CTC1のアドレス
0012:                   CTC2	EQU	12H		;CTC2のアドレス
0013:                   CTC3	EQU	13H		;CTC3のアドレス
                        
                        ;	Ｚ８４Ｃ０１５専用I/Oアドレスセット
00F0:                   WDM	EQU	0F0H	;WDTER,WDTPR,HALTMR
00F1:                   WDC	EQU	0F1H	;クリアー(4EH) ディセーブル(B1H)
00F4:                   DGC	EQU	0F4H	;デイジーチェーン設定(bit0-bit2)
004E:                   WDCL	EQU	4EH	;ウォッチドッグクリアコマンドデータ
                        
                        
                        ;********************************
                        ;	Ｉ／Ｏセットデータ
                        ;********************************
                        ;適宜変更のこと
                        
0000:                   	ORG	DBUG
0000: C30001   [10]     	JP	START
0003:                   PIOACD:
                        ;	DB	0E4H	;PIOAインタラプトベクタ			(未使用)
0003: CF                	DB	0CFH	;PIOAモードワード			**001111 (モード3)
0004: FF                	DB	0FFH	;PIOAデータディレクションワード		(全ビット入力)
0005: 07                	DB	07H	;PIOAインタラプトコントロールワード	****0111 (割込み無効)
                        ;	DB	00H	;PIOAインタラプトマスクワード		(未使用)
0006:                   PAEND	EQU	$
0006:                   PIOBCD:
                        ;	DB	0E6H	;PIOBインタラプトベクタ			(未使用)
0006: CF                	DB	0CFH	;PIOBモードワード			**001111 (モード3)
0007: 00                	DB	00H	;PIOBデータディレクションワード		(全ビット出力)
0008: 07                	DB	07H	;PIOBインタラプトコントロールワード	****0111 (割込み無効)
                        ;	DB	00H	;PIOBインタラプトマスクワード		(未使用)
0009:                   PBEND	EQU	$
                        
0009: 18                SIOACD:	DB	18H	;SIOA WR0 チャンネルリセット
000A: 04                	DB	04H	;SIOA WR0 ポインタ４
000B: 44                	DB	44H	;SIOA WR4 ｸﾛｯｸ ｼﾝｸﾓｰﾄﾞ ｽﾄｯﾌﾟ ﾋﾞｯﾄ ﾊﾟﾘﾃｨ ｲﾈｰﾌﾞﾙ
000C: 01                	DB	01H	;SIOA WR0 ポインタ１
000D: 00                	DB	00H	;SIOA WR1 割り込み制御ウェイト／レディ
000E: 03                	DB	03H	;SIOA WR0 ポインタ３
000F: E1                	DB	0E1H	;SIOA WR3 受信バッファ制御情報
0010: 05                	DB	05H	;SIOA WR0 ポインタ５
0011: 68                	DB	68H	;SIOA WR5 送信バッファ制御情報
0012:                   SAEND	EQU	$
0012: 18                SIOBCD:	DB	18H	;SIOB WR0 チャンネルリセット
0013: 04                	DB	04H	;SIOB WR0 ポインタ４
0014: 44                	DB	44H	;SIOB WR4 ｸﾛｯｸ ｼﾝｸﾓｰﾄﾞ ｽﾄｯﾌﾟ ﾋﾞｯﾄ ﾊﾟﾘﾃｨ ｲﾈｰﾌﾞﾙ
0015: 01                	DB	01H	;SIOB WR0 ポインタ１
0016: 00                	DB	00H	;SIOB WR1 割り込み制御ウェイト／レディ
0017: 02                	DB	02H	;SIOB WR0 ポインタ２
0018: F0                	DB	0F0H	;SIOB WR2 インタラプトベクタ
0019: 03                	DB	03H	;SIOB WR0 ポインタ３
001A: E1                	DB	0E1H	;SIOB WR3 受信バッファ制御情報
001B: 05                	DB	05H	;SIOB WR0 ポインタ５
001C: 68                	DB	68H	;SIOB WR5 送信バッファ制御情報
001D:                   SBEND	EQU	$
                        
001D:                   CTC0CD:
                        ;	DB	0E8H	;CTC0 インタラプトベクタ		*****000 (チャネル0用)
001D: EA                	DB	0EAH	;CTC1 インタラプトベクタ		*****010 (チャネル1用)
                        ;	DB	0ECH	;CTC2 インタラプトベクタ		*****100 (チャネル2用)
                        ;	DB	0EEH	;CTC3 インタラプトベクタ		*****110 (チャネル3用)
001E: 25                	DB	25H	;CTC0 チャンネルコントロールワード	*******1 (タイマモード)
001F: F4                	DB	244	;CTC0 タイムコンスタントレジスタ	(192.1Hz)
0020:                   C0END	EQU	$
0020:                   CTC1CD:
0020: C5                	DB	0C5H	;CTC1 チャンネルコントロールワード	*******1 (カウンタモード)
0021: C0                	DB	192	;CTC1 タイムコンスタントレジスタ	(0.999s)
0022:                   C1END	EQU	$
0022:                   CTC2CD:
0022: 05                	DB	05H	;CTC2 チャンネルコントロールワード	*******1
0023: 00                	DB	00H	;CTC2 タイムコンスタントレジスタ
0024:                   C2END	EQU	$
0024:                   CTC3CD:
0024: 05                	DB	05H	;CTC3 チャンネルコントロールワード	*******1
0025: 00                	DB	00H	;CTC3 タイムコンスタントレジスタ
0026:                   C3END	EQU	$
                        
0026: FB                WDMCD:	DB	0FBH	;ウォッチドッグ，ホルトモード設定	*****011
0027: 00                DGCCD:	DB	00H	;デイジーチェーン順位設定		00000***
                        
                        
                        ;*****************************
                        ;	ＩＮＴ処理(IM1)
                        ;*****************************
                        
0028: FFFFFFFF          	ORG	DBUG + 0038H
002C: FF...             
0038: FB       [ 4]     	EI
0039: ED4D     [18]     	RETI
                        
                        
                        ;***********************
                        ;	ＮＭＩ処理
                        ;***********************
                        
003B: FFFFFFFF          	ORG	DBUG + 0066H
003F: FF...             
0066: 76       [22]     	HALT
0067: ED45     [36]     	RETN			;ＮＭＩ禁止
                        
                        
                        ;*******************************
                        ;	Ｉ／Ｏセットアップ
                        ;*******************************
                        
0069: 210300   [10]     IOSET:	LD	HL, PIOACD		;PIOAコマンドセットアップ
006C: 0603     [17]     	LD	B, PAEND - PIOACD
006E: 0E1D     [24]     	LD	C, PIOA + 1		;PIOAコマンドアドレス(1DH)
0070: EDB3     [40|21]  	OTIR
0072: 210600   [50]     	LD	HL, PIOBCD		;PIOBコマンドセットアップ
0075: 0603     [57]     	LD	B, PBEND - PIOBCD
0077: 0E1F     [64]     	LD	C, PIOB + 1		;PIOBコマンドアドレス(1FH)
0079: EDB3     [80|21]  	OTIR
007B: 211D00   [90]     	LD	HL, CTC0CD		;CTC0コマンドセットアップ
007E: 0603     [97]     	LD	B, C0END - CTC0CD
0080: 0E10     [104]    	LD	C, CTC0
0082: EDB3     [120|21] 	OTIR
0084: 212000   [130]    	LD	HL, CTC1CD		;CTC1コマンドセットアップ
0087: 0602     [137]    	LD	B, C1END - CTC1CD
0089: 0E11     [144]    	LD	C, CTC1
008B: EDB3     [160|21] 	OTIR
008D: 212200   [170]    	LD	HL, CTC2CD		;CTC2コマンドセットアップ
0090: 0602     [177]    	LD	B, C2END - CTC2CD
0092: 0E12     [184]    	LD	C, CTC2
0094: EDB3     [200|21] 	OTIR
0096: 212400   [210]    	LD	HL, CTC3CD		;CTC3コマンドセットアップ
0099: 0602     [217]    	LD	B, C3END - CTC3CD
009B: 0E13     [224]    	LD	C, CTC3
009D: EDB3     [240|21] 	OTIR
009F: 210900   [250]    	LD	HL, SIOACD		;SIOAコマンドセットアップ
00A2: 0609     [257]    	LD	B, SAEND - SIOACD
00A4: 0E19     [264]    	LD	C, SIOA + 1		;SIOAコマンドアドレス(19H)
00A6: EDB3     [280|21] 	OTIR
00A8: 211200   [290]    	LD	HL, SIOBCD		;SIOBコマンドセットアップ
00AB: 060B     [297]    	LD	B, SBEND - SIOBCD
00AD: 0E1B     [304]    	LD	C, SIOB + 1		;SIOBコマンドアドレス(1BH)
00AF: EDB3     [320|21] 	OTIR
00B1: 3A2600   [333]    	LD	A, (WDMCD)		;ウォッチドッグ，ホルトモードセット
00B4: D3F0     [344]    	OUT	(WDM), A
00B6: 3A2700   [357]    	LD	A, (DGCCD)		;割り込み優先順位セット
00B9: D3F4     [368]    	OUT	(DGC), A
00BB: 3E4E     [ 7]     WDOG:	LD	A, WDCL			;ウォッチドッグクリア
00BD: D3F1     [18]     	OUT	(WDC), A
00BF: C9       [28]     	RET
                        
                        
                        ;**************************************
                        ;	割り込みアドレス，DWL設定
                        ;	アドレス値をそのまま記入
                        ;**************************************
                        
00C0: FFFFFFFF          	ORG	DBUG + 00E4H
00C4: FF...             
00E4: 0000              	DW	0000H			;PIOA割り込み
00E6: 0000              	DW	0000H			;PIOB割り込み
00E8: 0000              	DW	0000H			;CTC0割り込み
00EA: 1A01              	DW	INTCT1			;CTC1割り込み
00EC: 0000              	DW	0000H			;CTC2割り込み
00EE: 0000              	DW	0000H			;CTC3割り込み
00F0: 0000              	DW	0000H			;SIOBトランスミッタバッファエンプティ
00F2: 0000              	DW	0000H			;SIOB外部／ステータス割り込み
00F4: 0000              	DW	0000H			;SIOBレシーバキャラクタアベイラブル
00F6: 0000              	DW	0000H			;SIOB特殊受信状態
00F8: 0000              	DW	0000H			;SIOAトランスミッタバッファエンプティ
00FA: 0000              	DW	0000H			;SIOA外部／ステータス割り込み
00FC: 0000              	DW	0000H			;SIOAレシーバキャラクタアベイラブル
00FE: 0000              	DW	0000H			;SIOA特殊受信状態
                        
                        
                        ;************************************************************************
                        ;	メインルーチンスタート
                        ;************************************************************************
                        
                        	ORG	DBUG + 0100H
                        
0100: F3       [ 4]     START:	DI				;セットアップ中、割り込み不可
0101: ED5E     [12]     	IM	2			;割り込みモード２
0103: 3E00     [19]     	LD	A, DBUG / 100H		;割り込み上位ベクタロード
0105: ED47     [28]     	LD	I, A
0107: 310000   [38]     	LD	SP, 0000H		;スタックポインタ FFFFHから
                        
                        ;	LD	HL, 8000H		;外部I/O使用時のRESET待ち
                        ;WAIT:	DEC	HL
                        ;	LD	A, H
                        ;	OR	L
                        ;	JR	NZ, WAIT
                        
010A: CD6900   [55]     	CALL	IOSET
010D: FB       [59]     	EI
                        
                        	;ここからプログラムを書く
010E: DB1C     [70]     	IN	A, (PIOA)
0110: 320080   [83]     	LD	(VALUE), A
0113:                   LOOP:
0113: 3A0080   [13]     	LD	A, (VALUE)
0116: D31E     [24]     	OUT	(PIOB), A
0118: 18F9     [36]     	JR	LOOP
                        
011A:                   INTCT1:
011A: F5       [11]     	PUSH	AF
011B: 3A0080   [24]     	LD	A, (VALUE)
011E: 3C       [28]     	INC	A
011F: 320080   [41]     	LD	(VALUE), A
0122: F1       [51]     	POP	AF
0123: FB       [55]     	EI
0124: ED4D     [69]     	RETI
                        
                        ;**************************************
                        ;	ＲＡＭ配置
                        ;**************************************
                        
0126: FFFFFFFF          	ORG	8000H
012A: FF...             
                        
8000: 00                VALUE:	DEFB	00H
                        
                        	END


; +++ segments +++

#CODE          = $0000 =     0,  size = $8001 = 32769

; +++ global symbols +++

C0END   = $0020 =    32          sample2_ctc.asm:82
C1END   = $0022 =    34          sample2_ctc.asm:86
C2END   = $0024 =    36          sample2_ctc.asm:90
C3END   = $0026 =    38          sample2_ctc.asm:94
CTC0    = $0010 =    16          sample2_ctc.asm:18
CTC0CD  = $001D =    29          sample2_ctc.asm:75
CTC1    = $0011 =    17          sample2_ctc.asm:19
CTC1CD  = $0020 =    32          sample2_ctc.asm:83
CTC2    = $0012 =    18          sample2_ctc.asm:20
CTC2CD  = $0022 =    34          sample2_ctc.asm:87
CTC3    = $0013 =    19          sample2_ctc.asm:21
CTC3CD  = $0024 =    36          sample2_ctc.asm:91
DBUG    = $0000 =     0          sample2_ctc.asm:6
DGC     = $00F4 =   244          sample2_ctc.asm:26
DGCCD   = $0027 =    39          sample2_ctc.asm:97
INTCT1  = $011A =   282          sample2_ctc.asm:214
IOSET   = $0069 =   105          sample2_ctc.asm:122
LOOP    = $0113 =   275          sample2_ctc.asm:209
PAEND   = $0006 =     6          sample2_ctc.asm:43
PBEND   = $0009 =     9          sample2_ctc.asm:50
PIOA    = $001C =    28          sample2_ctc.asm:10
PIOACD  = $0003 =     3          sample2_ctc.asm:37
PIOB    = $001E =    30          sample2_ctc.asm:11
PIOBCD  = $0006 =     6          sample2_ctc.asm:44
SAEND   = $0012 =    18          sample2_ctc.asm:61
SBEND   = $001D =    29          sample2_ctc.asm:73
SIOA    = $0018 =    24          sample2_ctc.asm:14
SIOACD  = $0009 =     9          sample2_ctc.asm:52
SIOB    = $001A =    26          sample2_ctc.asm:15
SIOBCD  = $0012 =    18          sample2_ctc.asm:62
START   = $0100 =   256          sample2_ctc.asm:191
VALUE   = $8000 = 32768          sample2_ctc.asm:229
WDC     = $00F1 =   241          sample2_ctc.asm:25
WDCL    = $004E =    78          sample2_ctc.asm:27
WDM     = $00F0 =   240          sample2_ctc.asm:24
WDMCD   = $0026 =    38          sample2_ctc.asm:96
WDOG    = $00BB =   187          sample2_ctc.asm:158 (unused)
_end    = $8001 = 32769          sample2_ctc.asm:35 (unused)
_size   = $8001 = 32769          sample2_ctc.asm:35 (unused)


total time: 0.1262 sec.
no errors
