                        ; --------------------------------------
                        ; zasm: assemble "aki80_simple04_mul2.asm"
                        ; date: 2025-04-25 09:24:05
                        ; --------------------------------------


                        ;***************************************************************
                        ;	AKI-80ゴールドボード単体
                        ;***************************************************************
                        
                        ;*******************************
                        ;	定数定義
                        ;*******************************
8000:                   RAM_B	EQU	8000H
                        
                        ;***************************************************************
                        ;	メインルーチン
                        ;***************************************************************
8000:                   	ORG	RAM_B
                        
8000:                   START:
8000: 210000   [10]     	LD	HL, 0000H
8003: 3A4080   [23]     	LD	A, (PARAM1)
8006: 1600     [30]     	LD	D, 00H
8008: 5F       [34]     	LD	E, A
8009: 3A4180   [47]     	LD	A, (PARAM2)
800C: 0608     [54]     	LD	B, 8
800E:                   LOOP:
800E: 0F       [ 4]     	RRCA			; 右ローテート [A7←A0, CY←A0]
800F: 3001     [11|16]  	JR	NC, NEXT
8011: 19       [22]     	ADD	HL, DE
8012:                   NEXT:
8012: CB23     [ 8]     	SLA	E		; 左シフト(レジスター) [r0←0, CY←r7]
8014: CB12     [16]     	RL	D		; 左ローテート(レジスター) [r0←CY, CY←r7]
8016: 10F6     [24|29]  	DJNZ	LOOP
8018: 228080   [40]     	LD	(RESLT1), HL
801B: 00       [44]     	NOP
801C: 18E2     [56]     	JR	START
                        
                        ;*******************************
                        ;	ROM領域
                        ;*******************************
801E: FFFFFFFF          	ORG	RAM_B + 40H
8022: FF...             
                        
8040: AA                PARAM1:	DEFB	0AAH
8041: 55                PARAM2:	DEFB	55H
                        
                        ;*******************************
                        ;	RAM領域
                        ;*******************************
8042: FFFFFFFF          	ORG	RAM_B + 80H
8046: FF...             
                        
8080: FFFF              RESLT1:	DEFS	2
                        
                        	END


; +++ segments +++

#CODE          = $8000 = 32768,  size = $0082 =   130

; +++ global symbols +++

LOOP    = $800E = 32782          aki80_simple04_mul2.asm:22
NEXT    = $8012 = 32786          aki80_simple04_mul2.asm:26
PARAM1  = $8040 = 32832          aki80_simple04_mul2.asm:39
PARAM2  = $8041 = 32833          aki80_simple04_mul2.asm:40
RAM_B   = $8000 = 32768          aki80_simple04_mul2.asm:8
RESLT1  = $8080 = 32896          aki80_simple04_mul2.asm:47
START   = $8000 = 32768          aki80_simple04_mul2.asm:15
_end    = $8082 = 32898          aki80_simple04_mul2.asm:13 (unused)
_size   = $0082 =   130          aki80_simple04_mul2.asm:13 (unused)


total time: 0.0049 sec.
no errors
