                        ; --------------------------------------
                        ; zasm: assemble "sample6_2_2_DAK2.asm"
                        ; date: 2023-05-17 04:30:58
                        ; --------------------------------------


                        ;***********************************************************
                        ;SAMPLE 6_2_2_DAK2
                        ;***********************************************************
                        ;例2：「HELPUS」ディスプレイの点滅
                        ;プログラムDAK2は、約10msの間、ディスプレイを制御します。
                        ;テキスト'HELPUS'を0.5秒ごとに0.5秒点滅させる。
                        ;
                        ;表示時間を変更するには、メモリロケーション200BHの値を変更する必要があり、
                        ;この値はDAK2を呼び出すためのループ数を指定するため、時間が決定される。
                        ;表示テキストは、メモリロケーション2026H～202BHで変更することができます。
                        ;***********************************************************
                        ;
045A:                   DAK1	EQU	045AH
0483:                   DAK2	EQU	0483H
                        ;
2000:                   	ORG	2000H
2000:                   EX2:
2000: 212620   [10]     	LD	HL,BLANK	;「スペースキャラクター」
2003: E5       [21]     	PUSH	HL
2004: DD212020 [35]     	LD	IX,HELP		; テキスト「ヘルプ」
2008:                   LOOP:
2008: DDE3     [23]     	EX	(SP),IX		; テキストを交換する
200A: 0632     [30]     	LD	B,32H		; 表示時間
200C:                   LOOP1:
200C: CD8304   [17]     	CALL	DAK2		; 表示
200F: 10FB     [25|30]  	DJNZ	LOOP1
2011: 18F5     [37]     	JR	LOOP
                        ;
2013: FFFFFFFF          	ORG	2020H
2017: FF...             
2020:                   HELP:
2020: AE                	DEFB	0AEH		;"S"
2021: E3                	DEFB	0E3H		;"U"
2022: 4F                	DEFB	4FH		;"P"
2023: C2                	DEFB	0C2H		;"L"
2024: CE                	DEFB	0CEH		;"E"
2025: 6B                	DEFB	6BH		;"H"
2026:                   BLANK: 
2026: 00                	DEFB	0
2027: 00                	DEFB	0
2028: 00                	DEFB	0
2029: 00                	DEFB	0
202A: 00                	DEFB	0
202B: 00                	DEFB	0
                        	END


; +++ segments +++

#CODE          = $2000 =  8192,  size = $002C =    44

; +++ global symbols +++

BLANK   = $2026 =  8230          sample6_2_2_DAK2.asm:37
DAK1    = $045A =  1114          sample6_2_2_DAK2.asm:13 (unused)
DAK2    = $0483 =  1155          sample6_2_2_DAK2.asm:14
EX2     = $2000 =  8192          sample6_2_2_DAK2.asm:17 (unused)
HELP    = $2020 =  8224          sample6_2_2_DAK2.asm:30
LOOP    = $2008 =  8200          sample6_2_2_DAK2.asm:21
LOOP1   = $200C =  8204          sample6_2_2_DAK2.asm:24
_end    = $202C =  8236          sample6_2_2_DAK2.asm:16 (unused)
_size   = $002C =    44          sample6_2_2_DAK2.asm:16 (unused)


total time: 0.0025 sec.
no errors
