                        ; --------------------------------------
                        ; zasm: assemble "sample6_2_8_multiple.asm"
                        ; date: 2023-05-20 16:42:12
                        ; --------------------------------------


                        ;***********************************************************
                        ;SAMPLE 6_2_8_multiple
                        ;***********************************************************
                        ;例7：乗算
                        ;2つの8ビット16進数の乗算
                        ;因数はメモリ位置2100Hと2101Hにある、
                        ;結果はメモリセル2102H（下位バイト）と2103H（上位バイト）に格納されます。
                        ;***********************************************************
                        ;
2000:                   	ORG	2000H
2000:                   EX08:
2000: 210021   [10]     	LD	HL,2100H
2003: 4E       [17]     	LD	C,(HL)
2004: 23       [23]     	INC	HL
2005: 56       [30]     	LD	D,(HL)
2006: CD0E20   [47]     	CALL	MULT
2009: 23       [53]     	INC	HL
200A: 71       [60]     	LD	(HL),C
200B: 23       [66]     	INC	HL
200C: 70       [73]     	LD	(HL),B
200D: 76       [77]     	HALT
                        				;8ビット乗算で 16ビットの結果 C x D = BC
200E:                   MULT:
200E: 97       [ 4]     	SUB	A		;レジスタA削除
200F: 0608     [11]     	LD	B,8		;8ビット
2011:                   MULT1:
2011: CB19     [ 8]     	RR	C		;乗算器のシフト
2013: 3001     [15|20]  	JR	NC,MULT2	;CY = 0 なら加算なし
2015: 82       [19]     	ADD	A,D		;加算による結果
2016:                   MULT2:
2016: CB1F     [ 8]     	RR	A		;CY の上位ビットと下位結果ビットをキャッチ
2018: 10F7     [16|21]  	DJNZ	MULT1
201A: CB19     [24]     	RR	C		;REG.C の最後の結果ビット
201C: 47       [28]     	LD	B,A		;REG.B の高値バイト
201D: C9       [38]     	RET
                        ;
201E: FFFFFFFF          	ORG	2100H
2022: FF...             
2100: 201F              	DEFW	1F20H		;入力
2102: 0000              	DEFW	0000H		;結果
                        	END


; +++ segments +++

#CODE          = $2000 =  8192,  size = $0104 =   260

; +++ global symbols +++

EX08    = $2000 =  8192          sample6_2_8_multiple.asm:11 (unused)
MULT    = $200E =  8206          sample6_2_8_multiple.asm:23
MULT1   = $2011 =  8209          sample6_2_8_multiple.asm:26
MULT2   = $2016 =  8214          sample6_2_8_multiple.asm:30
_end    = $2104 =  8452          sample6_2_8_multiple.asm:10 (unused)
_size   = $0104 =   260          sample6_2_8_multiple.asm:10 (unused)


total time: 0.0065 sec.
no errors
