                        ; --------------------------------------
                        ; zasm: assemble "sample2.asm"
                        ; date: 2023-05-06 11:07:44
                        ; --------------------------------------


                        ;***********************************************************
                        ;SAMPLE 2
                        ;***********************************************************
                        ;
045A:                   DAK1	EQU	045Ah
                        ;
2000:                   	ORG	2000h
2000:                   EX1:
2000: DD212020 [14]     	LD	IX,HELP
2004:                   DISP:
2004: CD5A04   [17]     	CALL	DAK1		; ADR, TEXT
2007: FE10     [24]     	CP	10h		; ANZEIGE
2009: 20F9     [31|36]  	JR	NZ,DISP		; TASTE "+"
200B: 76       [35]     	HALT
                        ;
200C: FFFFFFFF          	ORG	2020h
2010: FF...             
2020:                   HELP:
2020: AE                	DEFB	0AEh		;"S"
2021: E3                	DEFB	0E3h		;"U"
2022: 4F                	DEFB	4Fh		;"P"
2023: C2                	DEFB	0C2h		;"L"
2024: CE                	DEFB	0CEh		;"E"
2025: 6B                	DEFB	6Bh		;"H"
                        	END


; +++ segments +++

#CODE          = $2000 =  8192,  size = $0026 =    38

; +++ global symbols +++

DAK1    = $045A =  1114          sample2.asm:5
DISP    = $2004 =  8196          sample2.asm:10
EX1     = $2000 =  8192          sample2.asm:8 (unused)
HELP    = $2020 =  8224          sample2.asm:17
_end    = $2026 =  8230          sample2.asm:7 (unused)
_size   = $0026 =    38          sample2.asm:7 (unused)


total time: 0.0044 sec.
no errors
