                        ; --------------------------------------
                        ; zasm: assemble "sample4_4_mask.asm"
                        ; date: 2023-05-24 03:37:55
                        ; --------------------------------------


                        ;***********************************************************
                        ;SAMPLE 4_4_mask
                        ;***********************************************************
                        ;4.4 上位4ビットの隠蔽
                        ;メモリロケーション2040Hの数値の上位4ビットを削除する。
                        ;メモリロケーション2040Hの数値の上位4ビットを削除し、下位4ビットを変更しないようにする。
                        ;結果は、メモリロケーション2041Hに格納されることになっている。
                        
                        ;結果は、メモリ場所2041H 08Hに格納されます。
                        ;***********************************************************
                        ;
2000:                   	ORG	2000H		;アドレス開始プログラム
2000:                   BSP4:
2000: 3A4020   [13]     	LD	A,(2040H)	;オペランドをロードする
2003: E60F     [20]     	AND	0FH		;ビットをマスクする
2005: 324120   [33]     	LD	(2041H),A	;結果を保存する
2008: 76       [37]     	HALT
                        ;
2009: FFFFFFFF          	ORG	2040H		;アドレスデータ
200D: FF...             
2040: B8                	DEFB	0B8H		;
                        	END


; +++ segments +++

#CODE          = $2000 =  8192,  size = $0041 =    65

; +++ global symbols +++

BSP4    = $2000 =  8192          sample4_4_mask.asm:13 (unused)
_end    = $2041 =  8257          sample4_4_mask.asm:12 (unused)
_size   = $0041 =    65          sample4_4_mask.asm:12 (unused)


total time: 0.0048 sec.
no errors
