                        ; --------------------------------------
                        ; zasm: assemble "sample4_8_max.asm"
                        ; date: 2023-05-26 03:14:54
                        ; --------------------------------------


                        ;***********************************************************
                        ;SAMPLE 4_8_max
                        ;***********************************************************
                        ;4.8 最大の数を決定する
                        ;課題：一連の数値のうち最大のものを決定する。
                        ;データの数はアドレス2041Hで与えられ、数字の列はアドレス2042Hで始まる。
                        ;数字のうち最大のものは、メモリ位置2040Hに格納される。
                        ;
                        ;その結果、OE3Hはメモリロケーション2040Bに格納される。
                        ;***********************************************************
                        ;
2000:                   	ORG	2000H		;プログラム開始アドレス
2000:                   BSP8:
2000: 214120   [10]     	LD	HL,2041H	;個数のアドレス
2003: 46       [17]     	LD	B,(HL)		;カウンタ=個数
2004: 97       [21]     	SUB	A		;クリア
2005:                   NEXT:
2005: 23       [ 6]     	INC	HL		;次の数値のアドレス
2006: BE       [13]     	CP	(HL)		;新しい最大数か？
2007: D20B20   [23|23]  	JP	NC,ZAHL		;そうでない場合はジャンプ
200A: 7E       [30]     	LD	A,(HL)		;Aの新しい数値
200B:                   ZAHL:
200B: 10F8     [ 8|13]  	DJNZ NEXT		;すべての数値まで実行する
200D: 324020   [21]     	LD	(2040H),A	;最大数を保存する
2010: 76       [25]     	HALT
                        ;
2011: FFFFFFFF          	ORG	2040H		;データのアドレス
2015: FF...             
2040: FF                	DEFS	1		;結果を格納する場所
2041: 05                	DEFB	05H
2042: 67                	DEFB	67H
2043: 79                	DEFB	79H
2044: 15                	DEFB	15H
2045: E3                	DEFB	0E3H
2046: 72                	DEFB	72H
                        	END


; +++ segments +++

#CODE          = $2000 =  8192,  size = $0047 =    71

; +++ global symbols +++

BSP8    = $2000 =  8192          sample4_8_max.asm:13 (unused)
NEXT    = $2005 =  8197          sample4_8_max.asm:17
ZAHL    = $200B =  8203          sample4_8_max.asm:22
_end    = $2047 =  8263          sample4_8_max.asm:12 (unused)
_size   = $0047 =    71          sample4_8_max.asm:12 (unused)


total time: 0.0049 sec.
no errors
