                        ; --------------------------------------
                        ; zasm: assemble "sample4_2_add.asm"
                        ; date: 2023-05-23 00:52:54
                        ; --------------------------------------


                        ;***********************************************************
                        ;SAMPLE 4_2_add
                        ;***********************************************************
                        ;4.2. 8ビット加算
                        ;タスク:メモリ位置2040Hと2041Hの内容を加算する。
                        ;合計はメモリ位置2042Hに格納される。
                        ;(可能なキャリーオーバーは考慮されない)
                        ;
                        ;その結果、63Hがメモリロケーション2042Hに格納される。
                        ;***********************************************************
                        ;
2000:                   	ORG	2000H		;プログラム開始のアドレス
2000:                   BSP:
2000: 214020   [10]     	LD	HL,2040H	;最初のオペランドを指定する
2003: 7E       [17]     	LD	A,(HL)		;オペランドをAにロードする
2004: 23       [23]     	INC	HL		;アドレス 第2オペランド
2005: 86       [30]     	ADD	A,(HL)		;オペランドを加算する
2006: 23       [36]     	INC	HL		;アドレス 純粋な結果
2007: 77       [43]     	LD	(HL),A		;結果を保存する
2008: 76       [47]     	HALT
                        ;
2009: FFFFFFFF          	ORG	2040H		;アドレスデータ
200D: FF...             
2040: 38                	DEFB 38H
2041: 2B                	DEFB 2BH
                        	END


; +++ segments +++

#CODE          = $2000 =  8192,  size = $0042 =    66

; +++ global symbols +++

BSP     = $2000 =  8192          sample4_2_add.asm:13 (unused)
_end    = $2042 =  8258          sample4_2_add.asm:12 (unused)
_size   = $0042 =    66          sample4_2_add.asm:12 (unused)


total time: 0.0042 sec.
no errors
