                        ; --------------------------------------
                        ; zasm: assemble "sample6_1_1_MUSIC.asm"
                        ; date: 2023-05-17 03:31:20
                        ; --------------------------------------


                        ;***********************************************************
                        ;SAMPLE 6_1_1_MUSIC
                        ;***********************************************************
                        ;レジスタIYは、コード化されたノートが配置されている記憶領域の先頭を指す。
                        ;各2バイトは1つの音を表す。
                        ;1バイト目は音程を、2バイト目は音符の長さを表します。
                        ;1バイト目が80Hの場合は音楽プログラムを終了し、40Hの場合はプログラムを
                        ;最初から開始し、20Hの場合は2バイト目で示される長さの音符を作成する。
                        ;ピッチの値として0H～1FHが許容される。
                        ;クロック周波数900kHzに対して、連続する数字はそれぞれ半音ステップに対応し、
                        ;これにより最低の70n（OOH）は音色aisにほぼ対応する。
                        ;
                        ;音程を上げつつも同じ継続時間（08）の音が3つ連続して発せられる。
                        ;これが延々と繰り返される（略号40で終止する）。
                        ;***********************************************************
                        ;
04EE:                   MUSIC	EQU	04EEH
                        ;
2000:                   	ORG	2000H
2000:                   START:
2000: FD211020 [14]     	LD	IY,NOTEN
2004: CDEE04   [31]     	CALL	MUSIC
                        ;
2007: FFFFFFFF          	ORG	2010H
200B: FF...             
2010:                   NOTEN:
2010: 0108              	DEFW	0801H
2012: 0208              	DEFW	0802H
2014: 0308              	DEFW	0803H
2016: 40                	DEFB	40H
                        	END


; +++ segments +++

#CODE          = $2000 =  8192,  size = $0017 =    23

; +++ global symbols +++

MUSIC   = $04EE =  1262          sample6_1_1_MUSIC.asm:17
NOTEN   = $2010 =  8208          sample6_1_1_MUSIC.asm:25
START   = $2000 =  8192          sample6_1_1_MUSIC.asm:20 (unused)
_end    = $2017 =  8215          sample6_1_1_MUSIC.asm:19 (unused)
_size   = $0017 =    23          sample6_1_1_MUSIC.asm:19 (unused)


total time: 0.0042 sec.
no errors
