                        ; --------------------------------------
                        ; zasm: assemble "sample4_5_compare.asm"
                        ; date: 2023-05-24 03:38:02
                        ; --------------------------------------


                        ;***********************************************************
                        ;SAMPLE 4_5_compare
                        ;***********************************************************
                        ;4.5 2つの数字のうち大きい方を決定すること
                        ;2040Hと2041Hの数字のうち、最も大きい数字を決定し、メモリロケーション2042Hに格納することである。
                        ;数値は，符号なしBCD数値とする。
                        
                        ;その結果、19Hがメモリロケーション2042Hに格納される。
                        ;フレアをベロフラスタする'OP'コマンドで、以下の比較演算を行うことができる。
                        ;「A」はアキュムレータの内容を表し、「X」は比較演算を表します。
                        ;If A == X  then Z = 1 (Z Zero-Flag)
                        ;    A != X then Z = 0
                        ;    A < X  then C = 1 (0 Carry-Flag)
                        ;    A >= X then C = 0
                        ;***********************************************************
                        ;
2000:                   	ORG	2000H		;アドレス開始プログラム
2000:                   BSP5:
2000: 214020   [10]     	LD	HL,2040H	;第1オペランドのアドレス指定
2003: 7E       [17]     	LD	A,(HL)		;Aの後の最初のオペランド
2004: 23       [23]     	INC	HL		;アドレスの第2オペランド
2005: BE       [30]     	CP	(HL)		;第2オペランドとの比較
2006: D20A20   [40|40]  	JP	NC,FERTIG	;1.の方が大きい場合はジャンプ
2009: 7E       [47]     	LD	A,(HL)		;Aの後の2番目のオペランド
200A:                   FERTIG:
200A: 23       [ 6]     	INC	HL		;ターゲットアドレス
200B: 77       [13]     	LD	(HL),A		;より大きな数値を格納する
200C: 76       [17]     	HALT
                        ;
200D: FFFFFFFF          	ORG	2040H		;アドレスデータ
2011: FF...             
2040: 79                	DEFB	79H
2041: 5A                	DEFB	5AH
                        	END


; +++ segments +++

#CODE          = $2000 =  8192,  size = $0042 =    66

; +++ global symbols +++

BSP5    = $2000 =  8192          sample4_5_compare.asm:18 (unused)
FERTIG  = $200A =  8202          sample4_5_compare.asm:25
_end    = $2042 =  8258          sample4_5_compare.asm:17 (unused)
_size   = $0042 =    66          sample4_5_compare.asm:17 (unused)


total time: 0.0059 sec.
no errors
