                        ; --------------------------------------
                        ; zasm: assemble "sample2.asm"
                        ; date: 2023-05-06 15:31:54
                        ; --------------------------------------


                        ;***********************************************************
                        ;SAMPLE 2
                        ;***********************************************************
                        ;
0000:                   PIOAD	EQU	00h
0001:                   PIOAC	EQU	01h
0002:                   PIOBD	EQU	02h
0003:                   PIOBC	EQU	03h
                        ;
0000:                   	ORG	0000h
0000:                   START:
0000: 310001   [10]     	LD	SP,0100h	;スタックポインタの設定
                        ;
0003: 3E4F     [17]     	LD	A,4Fh		;PORTAの設定
0005: D301     [28]     	OUT	(PIOAC),A	;- モード設定(入力モード)
0007: 3E83     [35]     	LD	A,83h
0009: D301     [46]     	OUT	(PIOAC),A	;- 割り込み制御語(割込み有効)
                        ;
000B: 3E0F     [53]     	LD	A,0Fh		;PORTBの設定
000D: D303     [64]     	OUT	(PIOBC),A	;- モード設定(出力モード)
000F: 3E03     [71]     	LD	A,03h
0011: D303     [82]     	OUT	(PIOBC),A	;- 割り込み制御語(割込み無効)
                        ;
0013: ED56     [90]     	IM	1		;割込みモードの設定(モード1)
0015: FB       [94]     	EI			;割込み許可
0016:                   LOOP:
0016: 00       [ 4]     	NOP
0017: C31600   [14]     	JP	LOOP
                        ;
001A: FFFFFFFF          	ORG	0038h
001E: FF...             
0038:                   INT:
0038: DB00     [11]     	IN	A,(PIOAD)	;PORTAから入力
003A: D302     [22]     	OUT	(PIOBD),A	;PORTBに出力
003C: FB       [26]     	EI			;割込み許可
003D: ED4D     [40]     	RETI
                        ;
003F: FFFFFFFF          	ORG	0066h
0043: FF...             
0066:                   NMI:
0066: 76       [ 4]     	HALT			;動作の停止
                        	END
                        ;
                        ;***********************************************************
                        ;■動作メモ
                        ; 1.<RESET>SW押下->離した後に、<ARDY>LEDが点灯。
                        ; 2.<ASTB>SW押下->離した後に、PORTAの入力値がPORTBの出力に反映。
                        ;   その際、<BRDY>LEDが消灯していれば消灯->点灯。
                        ; 3.<BSTB>SW押下->離した後に、<BRDY>LEDが点灯->消灯。
                        ; 4.<WAIT>SW押下時に、<ASTB>SW押下すると<ARDY>LEDが点灯->消灯。
                        ;   その後、<WAIT>SW離すと、<ARDY>LEDと<BRDY>LEDが点灯。
                        ; 5.<WAIT>SW押下時に、<BSTB>SW押下すると<BRDY>LEDが点灯->消灯。
                        ;   その後、<WAIT>SW離しても変化なし。
                        ;■結論(PIOの動作)
                        ; 1.リセット後、PORTAの設定で<ARDY>LEDが点灯し割込み可能となる。
                        ; 2.<ASTB>SW押下->離した後に、入力値を更新し割込みが発生する。
                        ;***********************************************************


; +++ segments +++

#CODE          = $0000 =     0,  size = $0067 =   103

; +++ global symbols +++

INT     = $0038 =    56          sample2.asm:31 (unused)
LOOP    = $0016 =    22          sample2.asm:26
NMI     = $0066 =   102          sample2.asm:38 (unused)
PIOAC   = $0001 =     1          sample2.asm:6
PIOAD   = $0000 =     0          sample2.asm:5
PIOBC   = $0003 =     3          sample2.asm:8
PIOBD   = $0002 =     2          sample2.asm:7
START   = $0000 =     0          sample2.asm:11 (unused)
_end    = $0067 =   103          sample2.asm:10 (unused)
_size   = $0067 =   103          sample2.asm:10 (unused)


total time: 0.0061 sec.
no errors
