                        ; --------------------------------------
                        ; zasm: assemble "listing_sample04.asm"
                        ; date: 2025-05-11 22:55:00
                        ; --------------------------------------


                        ;***************************************************************
                        ;	z80_sample04用 Z80アセンブラコード
                        ;***************************************************************
                        
                        ;*******************************
                        ;	定数定義
                        ;*******************************
0000:                   ROM_B	EQU	0000H
0040:                   ENTRY	EQU	0040h
0080:                   RAM_B	EQU	ROM_B + 80H
                        
                        ;	パラレルポートI/Oアドレスセット
001C:                   PIOA	EQU	1CH		;Ａポートデータ
001E:                   PIOB	EQU	1EH		;Ｂポートデータ
                        ;	カウンタタイマI/Oアドレスセット
0010:                   CTC0	EQU	10H		;CTC0のアドレス
                        ;CTC1	EQU	11H		;CTC1のアドレス
                        ;CTC2	EQU	12H		;CTC2のアドレス
                        ;CTC3	EQU	13H		;CTC3のアドレス
                        
                        ;***************************************************************
                        ;	メインルーチン
                        ;***************************************************************
0000:                   	ORG	ROM_B
                        
0000:                   START:
0000: F3       [ 4]     	DI
0001: 310000   [14]     	LD	SP, 0000H
0004: ED5E     [22]     	IM	2
0006: AF       [26]     	XOR	A
0007: ED47     [35]     	LD	I, A
0009: CD1700   [52]     	CALL	IOSET
000C: AF       [56]     	XOR	A
000D: 328000   [69]     	LD	(CT0CNT), A
0010: FB       [73]     	EI
0011:                   LOOP:
0011: DB1C     [11]     	IN	A, (PIOA)
0013: D31E     [22]     	OUT	(PIOB), A
0015: 18FA     [34]     	JR	LOOP
                        
0017:                   IOSET:
0017: 215000   [10]     	LD	HL, PIOACD		;PIOAコマンドセットアップ
001A: 0603     [17]     	LD	B, PAEND - PIOACD
001C: 0E1D     [24]     	LD	C, PIOA + 1		;PIOAコマンドアドレス(1DH)
001E: EDB3     [40|21]  	OTIR
0020: 215300   [50]     	LD	HL, PIOBCD		;PIOBコマンドセットアップ
0023: 0603     [57]     	LD	B, PBEND - PIOBCD
0025: 0E1F     [64]     	LD	C, PIOB + 1		;PIOBコマンドアドレス(1FH)
0027: EDB3     [80|21]  	OTIR
0029: 215600   [90]     	LD	HL, CTC0CD		;CTC0コマンドセットアップ
002C: 0603     [97]     	LD	B, C0END - CTC0CD
002E: 0E10     [104]    	LD	C, CTC0
0030: EDB3     [120|21] 	OTIR
                        ;	LD	HL, CTC1CD		;CTC1コマンドセットアップ
                        ;	LD	B, C1END - CTC1CD
                        ;	LD	C, CTC1
                        ;	OTIR
                        ;	LD	HL, CTC2CD		;CTC2コマンドセットアップ
                        ;	LD	B, C2END - CTC2CD
                        ;	LD	C, CTC2
                        ;	OTIR
                        ;	LD	HL, CTC3CD		;CTC3コマンドセットアップ
                        ;	LD	B, C3END - CTC3CD
                        ;	LD	C, CTC3
                        ;	OTIR
0032: C9       [130]    	RET
                        
                        ;*******************************
                        ;	割り込みアドレス
                        ;*******************************
0033: FFFFFFFF          	ORG	ENTRY + 04H
0037: FF...             
                        
0044: 0000              	DW	0000H		; 4: PIOA割り込み
0046: 0000              	DW	0000H		; 6: PIOB割り込み
0048: 6900              	DW	INTCT0		; 8: CTC0割り込み
004A: 0000              	DW	0000H		;10: CTC1割り込み
004C: 0000              	DW	0000H		;12: CTC2割り込み
004E: 0000              	DW	0000H		;14: CTC3割り込み
                        
                        ;*******************************
                        ;	ROM領域
                        ;*******************************
0050: CF                PIOACD:	DB	0CFH		;PIOAモードワード			**001111 (モード3)
0051: FF                	DB	0FFH		;PIOAデータディレクションワード		(全ビット入力)
0052: 07                	DB	07H		;PIOAインタラプトコントロールワード	****0111 (割込み無効)
                        ;	DB	00H		;PIOAインタラプトマスクワード
                        ;	DB	ENTRY + 4	;PIOAインタラプトベクタ
0053:                   PAEND	EQU	$
0053: CF                PIOBCD:	DB	0CFH		;PIOBモードワード			**001111 (モード3)
0054: 00                	DB	00H		;PIOBデータディレクションワード		(全ビット出力)
0055: 07                	DB	07H		;PIOBインタラプトコントロールワード	****0111 (割込み無効)
                        ;	DB	00H		;PIOBインタラプトマスクワード
                        ;	DB	ENTRY + 6	;PIOBインタラプトベクタ
0056:                   PBEND	EQU	$
                        
0056:                   CTC0CD:
0056: 48                	DB	ENTRY + 8	;CTC0インタラプトベクタ			*****000 (全チャネル用)
0057: 87                	DB	87H		;CTC0チャンネルコントロールワード	*******1 (タイマモード)
0058: 08                	DB	08H		;CTC0タイムコンスタントレジスタ		(8)
0059:                   C0END	EQU	$
                        ;CTC1CD:
                        ;	DB	05H		;CTC1チャンネルコントロールワード	*******1
                        ;	DB	00H		;CTC1タイムコンスタントレジスタ
                        ;C1END	EQU	$
                        ;CTC2CD:
                        ;	DB	05H		;CTC2チャンネルコントロールワード	*******1
                        ;	DB	00H		;CTC2タイムコンスタントレジスタ
                        ;C2END	EQU	$
                        ;CTC3CD:
                        ;	DB	05H		;CTC3チャンネルコントロールワード	*******1
                        ;	DB	5		;CTC3タイムコンスタントレジスタ
                        ;C3END	EQU	$
                        
                        ;*******************************
                        ;	NMI処理
                        ;*******************************
0059: FFFFFFFF          	ORG	0066H
005D: FF...             
                        
0066:                   NMI:
0066: 00       [ 4]     	NOP
0067: ED45     [18]     	RETN
                        
                        ;*******************************
                        ;	割り込み処理
                        ;*******************************
0069:                   INTCT0:
0069: F5       [11]     	PUSH	AF
006A: 3A8000   [24]     	LD	A, (CT0CNT)
006D: 3C       [28]     	INC	A
006E: 328000   [41]     	LD	(CT0CNT), A
0071: F1       [51]     	POP	AF
0072: FB       [55]     	EI
0073: ED4D     [69]     	RETI
                        
                        ;*******************************
                        ;	RAM領域
                        ;*******************************
0075: FFFFFFFF          	ORG	RAM_B
0079: FF...             
                        
0080: FF                CT0CNT:	DEFS	1
                        
                        	END


; +++ segments +++

#CODE          = $0000 =     0,  size = $0081 =   129

; +++ global symbols +++

C0END   = $0059 =    89          listing_sample04.asm:100
CT0CNT  = $0080 =   128          listing_sample04.asm:140
CTC0    = $0010 =    16          listing_sample04.asm:16
CTC0CD  = $0056 =    86          listing_sample04.asm:96
ENTRY   = $0040 =    64          listing_sample04.asm:9
INTCT0  = $0069 =   105          listing_sample04.asm:126
IOSET   = $0017 =    23          listing_sample04.asm:41
LOOP    = $0011 =    17          listing_sample04.asm:36
NMI     = $0066 =   102          listing_sample04.asm:119 (unused)
PAEND   = $0053 =    83          listing_sample04.asm:88
PBEND   = $0056 =    86          listing_sample04.asm:94
PIOA    = $001C =    28          listing_sample04.asm:13
PIOACD  = $0050 =    80          listing_sample04.asm:83
PIOB    = $001E =    30          listing_sample04.asm:14
PIOBCD  = $0053 =    83          listing_sample04.asm:89
RAM_B   = $0080 =   128          listing_sample04.asm:10
ROM_B   = $0000 =     0          listing_sample04.asm:8
START   = $0000 =     0          listing_sample04.asm:26 (unused)
_end    = $0081 =   129          listing_sample04.asm:24 (unused)
_size   = $0081 =   129          listing_sample04.asm:24 (unused)


total time: 0.0040 sec.
no errors
